
null_resource.ansible_provisioner (remote-exec): TASK [Asegurarse que NGINX esté en ejecución] **********************************
null_resource.ansible_provisioner (remote-exec): ok: [localhost]

null_resource.ansible_provisioner (remote-exec): PLAY RECAP *********************************************************************
null_resource.ansible_provisioner (remote-exec): localhost                  : ok=3    changed=1    unreachable=0    failed=0

null_resource.ansible_provisioner: Creation complete after 3m52s [id=3944610829093879600]

Apply complete! Resources: 6 added, 0 changed, 1 destroyed.

Outputs:

public_ip_address = ""
pauloenrique@pauloenrique-Latitude-E7450:~/Documents/Development/Terraform-labs/Lab06$ terraform output public_ip_address
""
pauloenrique@pauloenrique-Latitude-E7450:~/Documents/Development/Terraform-labs/Lab06$ terraform refresh
azurerm_resource_group.rg: Refreshing state... [id=/subscriptions/5f55b5a1-09ef-4b87-b02d-30e1a8347b3d/resourceGroups/rg-terraform-ansible]
azurerm_public_ip.pip: Refreshing state... [id=/subscriptions/5f55b5a1-09ef-4b87-b02d-30e1a8347b3d/resourceGroups/rg-terraform-ansible/providers/Microsoft.Network/publicIPAddresses/publicip-lab]
azurerm_virtual_network.vnet: Refreshing state... [id=/subscriptions/5f55b5a1-09ef-4b87-b02d-30e1a8347b3d/resourceGroups/rg-terraform-ansible/providers/Microsoft.Network/virtualNetworks/vnet-lab]
azurerm_subnet.subnet: Refreshing state... [id=/subscriptions/5f55b5a1-09ef-4b87-b02d-30e1a8347b3d/resourceGroups/rg-terraform-ansible/providers/Microsoft.Network/virtualNetworks/vnet-lab/subnets/subnet-lab]
azurerm_network_interface.nic: Refreshing state... [id=/subscriptions/5f55b5a1-09ef-4b87-b02d-30e1a8347b3d/resourceGroups/rg-terraform-ansible/providers/Microsoft.Network/networkInterfaces/nic-lab]
azurerm_linux_virtual_machine.vm: Refreshing state... [id=/subscriptions/5f55b5a1-09ef-4b87-b02d-30e1a8347b3d/resourceGroups/rg-terraform-ansible/providers/Microsoft.Compute/virtualMachines/vm-ansible]
data.azurerm_public_ip.pip: Reading...
data.azurerm_public_ip.pip: Read complete after 2s [id=/subscriptions/5f55b5a1-09ef-4b87-b02d-30e1a8347b3d/resourceGroups/rg-terraform-ansible/providers/Microsoft.Network/publicIPAddresses/publicip-lab]
null_resource.ansible_provisioner: Refreshing state... [id=3944610829093879600]

Outputs:

public_ip_address = "172.206.199.5"
pauloenrique@pauloenrique-Latitude-E7450:~/Documents/Development/Terraform-labs/Lab06$ terraform output public_ip_address
"172.206.199.5"
pauloenrique@pauloenrique-Latitude-E7450:~/Documents/Development/Terraform-labs/Lab06$ curl http://$(terraform output -raw public_ip_address)
<!DOCTYPE html>
<html>
<head>
<title>Welcome to nginx!</title>
<style>
    body {
        width: 35em;
        margin: 0 auto;
        font-family: Tahoma, Verdana, Arial, sans-serif;
    }
</style>
</head>
<body>
<h1>Welcome to nginx!</h1>
<p>If you see this page, the nginx web server is successfully installed and
working. Further configuration is required.</p>

<p>For online documentation and support please refer to
<a href="http://nginx.org/">nginx.org</a>.<br/>
Commercial support is available at
<a href="http://nginx.com/">nginx.com</a>.</p>

<p><em>Thank you for using nginx.</em></p>
</body>
</html>
pauloenrique@pauloenrique-Latitude-E7450:~/Documents/Development/Terraform-labs/Lab06$ ssh $(terraform output -raw public_ip_address) -l azureuser
The authenticity of host '172.206.199.5 (172.206.199.5)' can't be established.
ED25519 key fingerprint is SHA256:YRDB0bIWPMKuQqlbzQC4cmkOYrMaZ1kX1XhbkluUghM.
This key is not known by any other names.
Are you sure you want to continue connecting (yes/no/[fingerprint])? yes
Warning: Permanently added '172.206.199.5' (ED25519) to the list of known hosts.
azureuser@172.206.199.5's password: 
Welcome to Ubuntu 18.04.6 LTS (GNU/Linux 5.4.0-1109-azure x86_64)

 * Documentation:  https://help.ubuntu.com
 * Management:     https://landscape.canonical.com
 * Support:        https://ubuntu.com/advantage

  System information as of Fri Apr 25 21:49:21 UTC 2025

  System load:  0.0               Processes:           107
  Usage of /:   5.6% of 28.89GB   Users logged in:     0
  Memory usage: 23%               IP address for eth0: 10.0.1.4
  Swap usage:   0%


Expanded Security Maintenance for Infrastructure is not enabled.

7 updates can be applied immediately.
2 of these updates are standard security updates.
To see these additional updates run: apt list --upgradable

152 additional security updates can be applied with ESM Infra.
Learn more about enabling ESM Infra service for Ubuntu 18.04 at
https://ubuntu.com/18-04

New release '20.04.6 LTS' available.
Run 'do-release-upgrade' to upgrade to it.


Last login: Fri Apr 25 21:37:55 2025 from 191.92.22.183
azureuser@vm-ansible:~$ 
azureuser@vm-ansible:~$ 
azureuser@vm-ansible:~$ 
azureuser@vm-ansible:~$ exit
logout
Connection to 172.206.199.5 closed.
pauloenrique@pauloenrique-Latitude-E7450:~/Documents/Development/Terraform-labs/Lab06$ 

